C51 COMPILER V9.01   CONVERG1                                                              06/16/2014 21:53:58 PAGE 1   


C51 COMPILER V9.01, COMPILATION OF MODULE CONVERG1
OBJECT MODULE PLACED IN converg1.OBJ
COMPILER INVOKED BY: C:\Keil\C51\BIN\C51.EXE converg1.c BROWSE DEBUG OBJECTEXTEND

line level    source

   1           #include<reg51.h>
   2          #define LED P2
   3          void main()
   4           {
   5   1       unsigned int y;
   6   1      unsigned char x,i;
   7   1      x=0x04;
   8   1      x=x+0x01; 
   9   1      for(i=0;i<4;i++)
  10   1      {
  11   2      LED=x;
  12   2       for(y=0;y<40000;y++);
  13   2      x=x>>2;
  14   2      x=x+1;
  15   2       }
  16   1      for(i=4;i<8;i--)
  17   1      {
  18   2      LED=x;
  19   2      for(y=0;y<40000;y++);
  20   2      x=x<<2;
  21   2      x=x-1;
  22   2      }
  23   1      while(1)
  24   1      }
*** ERROR C141 IN LINE 24 OF CONVERG1.C: syntax error near '}'

C51 COMPILATION COMPLETE.  0 WARNING(S),  1 ERROR(S)
